19:46:10 **** Auto Build of configuration Debug for project Lab_0 ****
make all 
'Building file: ../src/helloworld.c'
'Invoking: MicroBlaze gcc compiler'
mb-gcc -Wall -O0 -g3 -c -fmessage-length=0 -MT"src/helloworld.o" -I../../Lab_0_bsp/microblaze_0/include -mlittle-endian -mcpu=v11.0 -mxl-soft-mul -Wl,--no-relax -ffunction-sections -fdata-sections -MMD -MP -MF"src/helloworld.d" -MT"src/helloworld.o" -o "src/helloworld.o" "../src/helloworld.c"
'Finished building: ../src/helloworld.c'
' '
'Building target: Lab_0.elf'
'Invoking: MicroBlaze gcc linker'
mb-gcc -Wl,-T -Wl,../src/lscript.ld -L../../Lab_0_bsp/microblaze_0/lib -mlittle-endian -mcpu=v11.0 -mxl-soft-mul -Wl,--no-relax -Wl,--gc-sections -o "Lab_0.elf"  ./src/Gyro.o ./src/IIC.o ./src/helloworld.o ./src/platform.o   -Wl,--start-group,-lxil,-lgcc,-lc,--end-group
'Finished building target: Lab_0.elf'
' '
'Invoking: MicroBlaze Print Size'
mb-size Lab_0.elf  |tee "Lab_0.elf.size"
   text	   data	    bss	    dec	    hex	filename
   4326	    268	   3110	   7704	   1e18	Lab_0.elf
'Finished building: Lab_0.elf.size'
' '

19:46:11 Build Finished (took 1s.104ms)

